2026-08-04 15:14:35,408 - INFO - [database.py:63] - 데이터베이스 초기화 및 인덱스 생성이 완료되었습니다.
2026-08-04 15:19:10,260 - INFO - [main.py:18] - 중고차 매입 분석기 프로그램이 시작되었습니다.
2026-08-04 15:24:17,198 - INFO - [main.py:18] - 중고차 매입 분석기 프로그램이 시작되었습니다.
2026-08-04 15:24:22,375 - ERROR - [excel.py:29] - 파일 불러오기 실패 - C:/Users/car61/Downloads/오토플러스 의 사본의 사본 - 입찰.csv: Invalid value '' for dtype 'float64'
2026-08-04 15:24:34,057 - ERROR - [excel.py:29] - 파일 불러오기 실패 - C:/Users/car61/Downloads/오토플러스 의 사본의 사본 - 입찰.csv: Invalid value '' for dtype 'float64'
2026-08-04 15:25:49,391 - ERROR - [excel.py:29] - 파일 불러오기 실패 - C:/Users/car61/Downloads/오토플러스 의 사본의 사본 - 입찰.csv: Invalid value '' for dtype 'float64'
2026-08-04 15:27:23,284 - INFO - [main.py:18] - 중고차 매입 분석기 프로그램이 시작되었습니다.
2026-08-04 15:27:29,477 - ERROR - [excel.py:29] - 파일 불러오기 실패 - C:/Users/car61/Downloads/오토플러스 의 사본의 사본 - 입찰.csv: Invalid value '' for dtype 'float64'
2026-08-04 15:29:02,363 - INFO - [main.py:18] - 중고차 매입 분석기 프로그램이 시작되었습니다.
2026-08-04 15:29:10,649 - ERROR - [excel.py:29] - 파일 불러오기 실패 - C:/Users/car61/Downloads/오토플러스 의 사본의 사본 - 입찰.csv: Invalid value '' for dtype 'float64'
2026-08-04 15:30:46,766 - INFO - [main.py:18] - 중고차 매입 분석기 프로그램이 시작되었습니다.
2026-08-04 15:30:51,185 - INFO - [excel.py:27] - 성공적으로 데이터를 불러왔습니다. (총 110건): C:/Users/car61/Downloads/오토플러스 의 사본의 사본 - 입찰.csv
2026-08-04 15:30:51,187 - INFO - [ui.py:130] - 화면에 데이터 출력을 완료했습니다.
2026-08-04 15:33:26,718 - INFO - [database.py:50] - 데이터베이스 초기화 및 인덱스 생성이 완료되었습니다.
2026-08-04 15:33:27,154 - INFO - [main.py:18] - 중고차 매입 분석기 프로그램이 시작되었습니다.
2026-08-04 15:33:33,974 - INFO - [excel.py:27] - 성공적으로 데이터를 불러왔습니다. (총 110건): C:/Users/car61/Downloads/오토플러스 의 사본의 사본 - 입찰.csv
2026-08-04 15:33:35,170 - INFO - [database.py:61] - DB에 110건의 데이터를 성공적으로 저장했습니다.
2026-08-04 15:33:43,611 - INFO - [database.py:50] - 데이터베이스 초기화 및 인덱스 생성이 완료되었습니다.
2026-08-04 15:33:44,112 - INFO - [main.py:18] - 중고차 매입 분석기 프로그램이 시작되었습니다.
2026-08-04 15:35:25,783 - INFO - [database.py:50] - 데이터베이스 초기화 및 인덱스 생성이 완료되었습니다.
2026-08-04 15:35:26,225 - INFO - [main.py:18] - 중고차 매입 분석기 프로그램이 시작되었습니다.
2026-08-04 15:35:35,040 - INFO - [ui.py:175] - 검색 실행 - 브랜드: 전체, 키워드: g70 -> 결과: 3건
2026-08-04 15:37:41,414 - INFO - [database.py:50] - 데이터베이스 초기화 및 인덱스 생성이 완료되었습니다.
2026-08-04 15:37:41,855 - INFO - [main.py:18] - 중고차 매입 분석기 프로그램이 시작되었습니다.
2026-08-04 15:40:47,574 - INFO - [database.py:50] - 데이터베이스 초기화 및 인덱스 생성이 완료되었습니다.
2026-08-04 15:40:48,006 - INFO - [main.py:18] - 중고차 매입 분석기 프로그램이 시작되었습니다.
2026-08-04 15:44:15,319 - INFO - [database.py:50] - 데이터베이스 초기화 및 인덱스 생성이 완료되었습니다.
2026-08-04 15:44:27,522 - INFO - [database.py:50] - 데이터베이스 초기화 및 인덱스 생성이 완료되었습니다.
2026-08-04 15:45:12,929 - INFO - [database.py:50] - 데이터베이스 초기화 및 인덱스 생성이 완료되었습니다.
2026-08-04 15:46:52,417 - INFO - [database.py:50] - 데이터베이스 초기화 및 인덱스 생성이 완료되었습니다.
2026-08-04 15:46:53,838 - INFO - [main.py:18] - 중고차 매입 분석기 프로그램이 시작되었습니다.
2026-08-04 15:52:28,056 - INFO - [database.py:50] - 데이터베이스 초기화 및 인덱스 생성이 완료되었습니다.
2026-08-04 15:52:28,839 - INFO - [main.py:18] - 중고차 매입 분석기 프로그램이 시작되었습니다.
2026-08-04 15:52:35,901 - INFO - [excel.py:27] - 성공적으로 데이터를 불러왔습니다. (총 1456건): C:/Users/car61/Downloads/20260804_sales_car_datalist.csv
2026-08-04 15:52:38,108 - INFO - [database.py:61] - DB에 1456건의 데이터를 성공적으로 저장했습니다.
2026-08-04 15:52:43,201 - INFO - [excel.py:27] - 성공적으로 데이터를 불러왔습니다. (총 2759건): C:/Users/car61/Downloads/20260804_sales_car_datalist (1).csv
2026-08-04 15:52:45,697 - INFO - [database.py:61] - DB에 2759건의 데이터를 성공적으로 저장했습니다.
2026-08-05 13:21:47,009 - INFO - [database.py:50] - 데이터베이스 초기화 및 인덱스 생성이 완료되었습니다.
2026-08-05 13:21:49,046 - INFO - [main.py:18] - 중고차 매입 분석기 프로그램이 시작되었습니다.
2026-08-05 14:03:59,267 - INFO - [database.py:50] - 데이터베이스 초기화 및 인덱스 생성이 완료되었습니다.
2026-08-05 14:04:00,586 - INFO - [main.py:18] - 중고차 매입 분석기 프로그램이 시작되었습니다.
2026-08-05 14:07:49,143 - INFO - [database.py:50] - 데이터베이스 초기화 및 인덱스 생성이 완료되었습니다.
2026-08-05 14:07:49,933 - INFO - [main.py:18] - 중고차 매입 분석기 프로그램이 시작되었습니다.
2026-08-05 14:28:21,574 - INFO - [database.py:50] - 데이터베이스 초기화 및 인덱스 생성이 완료되었습니다.
2026-08-05 14:28:22,620 - INFO - [main.py:18] - 중고차 매입 분석기 프로그램이 시작되었습니다.
2026-08-05 14:48:06,963 - INFO - [database.py:50] - 데이터베이스 초기화 및 인덱스 생성이 완료되었습니다.
2026-08-05 14:48:07,896 - INFO - [main.py:18] - 중고차 매입 분석기 프로그램이 시작되었습니다.
2026-08-05 15:08:28,268 - INFO - [database.py:50] - 데이터베이스 초기화 및 인덱스 생성이 완료되었습니다.
2026-08-05 15:08:29,120 - INFO - [main.py:18] - 중고차 매입 분석기 프로그램이 시작되었습니다.
2026-08-05 15:08:42,274 - INFO - [excel.py:27] - 성공적으로 데이터를 불러왔습니다. (총 2759건): C:/Users/car61/Downloads/20260804_sales_car_datalist (1).csv
2026-08-05 15:08:44,503 - ERROR - [database.py:64] - DB 저장 실패: Execution failed
2026-08-05 15:08:50,250 - INFO - [excel.py:27] - 성공적으로 데이터를 불러왔습니다. (총 1456건): C:/Users/car61/Downloads/20260804_sales_car_datalist.csv
2026-08-05 15:08:51,197 - ERROR - [database.py:64] - DB 저장 실패: Execution failed
2026-08-05 15:14:56,261 - INFO - [database.py:50] - 데이터베이스 초기화 및 인덱스 생성이 완료되었습니다.
2026-08-05 15:14:57,575 - INFO - [main.py:18] - 중고차 매입 분석기 프로그램이 시작되었습니다.
2026-08-05 15:28:39,581 - INFO - [database.py:50] - 데이터베이스 초기화 및 인덱스 생성이 완료되었습니다.
2026-08-05 15:28:41,930 - INFO - [main.py:18] - 중고차 매입 분석기 프로그램이 시작되었습니다.
2026-08-05 15:34:38,122 - INFO - [database.py:50] - 데이터베이스 초기화 및 인덱스 생성이 완료되었습니다.
2026-08-05 15:34:39,199 - INFO - [main.py:18] - 중고차 매입 분석기 프로그램이 시작되었습니다.
